(15,32): points [ 3 .. 14 ] M0 [ [ 3, 4 ], [ 5, 6 ], [ 7, 8 ], [ 9, 10 ], 
  [ 11, 12 ], [ 13, 14 ] ]
  |G1| = 46080
  row-1 configurations: 6040
  orbits: 4 sizes [ 120, 1440, 640, 3840 ] (sum 6040)
  rep 0 -> orbit 1 of size 120, stabiliser order 384
  rep 1 -> orbit 2 of size 1440, stabiliser order 32
  rep 2 -> orbit 3 of size 640, stabiliser order 72
  rep 3 -> orbit 4 of size 3840, stabiliser order 12
  representatives hit 4 distinct orbits of 4
  VERDICT (15,32): the representatives are a transversal of the G1-orbits (eve\
ry configuration lies in the orbit of exactly one representative)
(14,27): points [ 3 .. 13 ] M0 [ [ 3, 4 ], [ 5, 6 ], [ 7, 8 ], [ 9, 10 ], 
  [ 11, 12 ] ]
  |G1| = 3840
  row-1 configurations: 6584
  orbits: 7 sizes [ 120, 160, 960, 640, 480, 384, 3840 ] (sum 6584)
  rep 0 -> orbit 1 of size 120, stabiliser order 32
  rep 1 -> orbit 2 of size 160, stabiliser order 24
  rep 2 -> orbit 3 of size 960, stabiliser order 4
  rep 3 -> orbit 4 of size 640, stabiliser order 6
  rep 4 -> orbit 5 of size 480, stabiliser order 8
  rep 5 -> orbit 6 of size 384, stabiliser order 10
  rep 6 -> orbit 7 of size 3840, stabiliser order 1
  representatives hit 7 distinct orbits of 7
  VERDICT (14,27): the representatives are a transversal of the G1-orbits (eve\
ry configuration lies in the orbit of exactly one representative)
